
Allocating common symbols
Common symbol       size              file

netbufpool          0x4               binaries/net.o
readylist           0x2               binaries/ready.o
rfltab              0x5a0             binaries/rflinit.o
netportseed         0x8               binaries/net.o
sleepq              0x2               binaries/clkinit.o
nnames              0x4               binaries/naminit.o
udptab              0x168             binaries/udp.o
minheap             0x4               binaries/meminit.o
marks               0x50              binaries/mark.o
currpid             0x4               binaries/initialize.o
Lf_data             0x20c             binaries/lfsinit.o
porttab             0x2d0             binaries/ptinit.o
girmask             0x2               binaries/evec.o
ttytab              0x110             binaries/ttyinit.o
proctab             0x1db0            binaries/initialize.o
prcount             0x4               binaries/initialize.o
prptr               0x4               binaries/testio.o
lfltab              0xf00             binaries/lflinit.o
rdstab              0x8c              binaries/rdsinit.o
ethertab            0x138             binaries/ethinit.o
NetData             0xb0              binaries/net.o
nmarks              0x4               binaries/mark.o
Defer               0x8               binaries/resched.o
semtab              0x4b0             binaries/initialize.o
maxheap             0x4               binaries/meminit.o
preempt             0x4               binaries/clkinit.o
buftab              0xf0              binaries/bufinit.o
Rf_data             0x18              binaries/rfsinit.o
clktimemilli        0x4               binaries/clkinit.o
mkmutex             0x4               binaries/mark.o
clktime             0x4               binaries/clkinit.o
arpcache            0x140             binaries/arp.o
icmptab             0x230             binaries/icmp.o
nbpools             0x4               binaries/bufinit.o
queuetab            0x980             binaries/queue.o
ptnextid            0x4               binaries/ptinit.o
Ram                 0x19000           binaries/raminit.o
ipoqueue            0x2c              binaries/ip.o
memlist             0x8               binaries/initialize.o
nametab             0x19a0            binaries/naminit.o
ptfree              0x4               binaries/ptinit.o

Discarded input sections

 .group         0x0000000000000000        0x8 binaries/ascdate.o
 .group         0x0000000000000000        0x8 binaries/bufinit.o
 .group         0x0000000000000000        0x8 binaries/chprio.o
 .group         0x0000000000000000        0x8 binaries/clkhandler.o
 .text.__x86.get_pc_thunk.bx
                0x0000000000000000        0x4 binaries/clkhandler.o
 .group         0x0000000000000000        0x8 binaries/clkinit.o
 .text.__x86.get_pc_thunk.bx
                0x0000000000000000        0x4 binaries/clkinit.o
 .group         0x0000000000000000        0x8 binaries/close.o
 .text.__x86.get_pc_thunk.bx
                0x0000000000000000        0x4 binaries/close.o
 .group         0x0000000000000000        0x8 binaries/control.o
 .text.__x86.get_pc_thunk.bx
                0x0000000000000000        0x4 binaries/control.o
 .group         0x0000000000000000        0x8 binaries/create.o
 .group         0x0000000000000000        0x8 binaries/create.o
 .text.__x86.get_pc_thunk.cx
                0x0000000000000000        0x4 binaries/create.o
 .text.__x86.get_pc_thunk.bx
                0x0000000000000000        0x4 binaries/create.o
 .group         0x0000000000000000        0x8 binaries/early_imr.o
 .group         0x0000000000000000        0x8 binaries/early_imr.o
 .text.__x86.get_pc_thunk.ax
                0x0000000000000000        0x4 binaries/early_imr.o
 .text.__x86.get_pc_thunk.bx
                0x0000000000000000        0x4 binaries/early_imr.o
 .group         0x0000000000000000        0x8 binaries/evec.o
 .group         0x0000000000000000        0x8 binaries/evec.o
 .text.__x86.get_pc_thunk.ax
                0x0000000000000000        0x4 binaries/evec.o
 .text.__x86.get_pc_thunk.bx
                0x0000000000000000        0x4 binaries/evec.o
 .group         0x0000000000000000        0x8 binaries/exit.o
 .text.__x86.get_pc_thunk.bx
                0x0000000000000000        0x4 binaries/exit.o
 .group         0x0000000000000000        0x8 binaries/freebuf.o
 .text.__x86.get_pc_thunk.bx
                0x0000000000000000        0x4 binaries/freebuf.o
 .group         0x0000000000000000        0x8 binaries/freemem.o
 .text.__x86.get_pc_thunk.bx
                0x0000000000000000        0x4 binaries/freemem.o
 .group         0x0000000000000000        0x8 binaries/getbuf.o
 .text.__x86.get_pc_thunk.bx
                0x0000000000000000        0x4 binaries/getbuf.o
 .group         0x0000000000000000        0x8 binaries/getc.o
 .text.__x86.get_pc_thunk.bx
                0x0000000000000000        0x4 binaries/getc.o
[...]
Memory Configuration

Name             Origin             Length             Attributes
*default*        0x0000000000000000 0xffffffffffffffff

Linker script and memory map

                0x0000000000100000                physbase = 0x100000
                0x0000000000100000                . = physbase
                0x0000000000100000                . = ALIGN (0x1000)

.text           0x0000000000100000    0x1d000
                0x0000000000100000                text = ABSOLUTE (.)
 *(.text .text.*)
 .text          0x0000000000100000      0x1b4 binaries/start.o
                0x0000000000100024                start
                0x00000000001000f6                inb
                0x00000000001000fe                inw
                0x0000000000100107                inl
                0x000000000010010f                outb
                0x0000000000100119                outw
                0x0000000000100124                outl
                0x000000000010012e                _rtcin
                0x0000000000100139                ___udivsi3
                0x0000000000100144                ___divsi3
                0x0000000000100150                sbzero
                0x0000000000100160                insw
                0x0000000000100176                outsw
                0x000000000010018c                bcopy
                0x00000000001001a0                lidt
                0x00000000001001a8                cpuid
 .text          0x00000000001001b4      0x404 binaries/ascdate.o
                0x00000000001001b4                ascdate
 .text.__x86.get_pc_thunk.cx
                0x00000000001005b8        0x4 binaries/ascdate.o
                0x00000000001005b8                __x86.get_pc_thunk.cx
 .text          0x00000000001005bc       0x20 binaries/bufinit.o
                0x00000000001005bc                bufinit
 .text.__x86.get_pc_thunk.ax
                0x00000000001005dc        0x4 binaries/bufinit.o
                0x00000000001005dc                __x86.get_pc_thunk.ax
 .text          0x00000000001005e0       0xca binaries/chprio.o
                0x00000000001005e0                chprio
 .text.__x86.get_pc_thunk.bx
                0x00000000001006aa        0x4 binaries/chprio.o
                0x00000000001006aa                __x86.get_pc_thunk.bx
 .text          0x00000000001006ae       0xea binaries/clkhandler.o
                0x00000000001006ae                clkhandler
 .text          0x0000000000100798       0xa1 binaries/clkinit.o
                0x0000000000100798                clkinit
 .text          0x0000000000100839       0x86 binaries/close.o
                0x0000000000100839                close
 .text          0x00000000001008bf        0x0 binaries/conf.o
 .text          0x00000000001008bf       0x8c binaries/control.o
                0x00000000001008bf                control
 .text          0x000000000010094b      0x32a binaries/create.o
                0x000000000010094b                create
 .text          0x0000000000100c75      0x30e binaries/early_imr.o
                0x0000000000100c75                intel_cln_early_sb_read_reg
                0x0000000000100d06                intel_cln_early_sb_write_reg
                0x0000000000100ee5                remove_irm_protections
 .text          0x0000000000100f83      0x50d binaries/evec.o
                0x0000000000100f83                initevec
                0x0000000000101094                set_evec
                0x0000000000101152                setirmask
                0x00000000001011c4                trap
 .text          0x0000000000101490       0x29 binaries/exit.o
                0x0000000000101490                exit
 .text          0x00000000001014b9       0xa1 binaries/freebuf.o
                0x00000000001014b9                freebuf
 .text          0x000000000010155a      0x195 binaries/freemem.o
                0x000000000010155a                freemem
 .text          0x00000000001016ef       0x9f binaries/getbuf.o
                0x00000000001016ef                getbuf
 .text          0x000000000010178e       0x86 binaries/getc.o
                0x000000000010178e                getc
 .text          0x0000000000101814       0x86 binaries/getdev.o
                0x0000000000101814                getdev
 .text          0x000000000010189a      0x111 binaries/getitem.o
                0x000000000010189a                getfirst
                0x00000000001018f0                getlast
                0x0000000000101948                getitem
 .text.__x86.get_pc_thunk.dx
                0x00000000001019ab        0x4 binaries/getitem.o
                0x00000000001019ab                __x86.get_pc_thunk.dx
 .text          0x00000000001019af      0x132 binaries/getmem.o
                0x00000000001019af                getmem
 .text          0x0000000000101ae1       0x17 binaries/getpid.o
                0x0000000000101ae1                getpid
 .text          0x0000000000101af8       0x96 binaries/getppid.o
                0x0000000000101af8                getppid
 .text          0x0000000000101b8e       0x94 binaries/getprio.o
                0x0000000000101b8e                getprio
 .text          0x0000000000101c22      0x119 binaries/getstk.o
                0x0000000000101c22                getstk
 .text          0x0000000000101d3b       0x20 binaries/getticks.o
                0x0000000000101d3b                getticks
 .text          0x0000000000101d5b       0x4a binaries/gettime.o
                0x0000000000101d5b                gettime
 .text          0x0000000000101da5       0x17 binaries/gettmslice.o
                0x0000000000101da5                gettmslice
 .text          0x0000000000101dbc      0x224 binaries/getutime.o
                0x0000000000101dbc                getutime
 .text          0x0000000000101fe0       0x86 binaries/init.o
                0x0000000000101fe0                init
 .text          0x0000000000102066      0x3ba binaries/initialize.o
                0x0000000000102066                nulluser
                0x00000000001023ad                stop
                0x00000000001023e8                delay
 .text          0x0000000000102420      0x109 binaries/insert.o
                0x0000000000102420                insert
 .text          0x0000000000102529      0x142 binaries/insertd.o
                0x0000000000102529                insertd
 .text          0x000000000010266b       0x14 binaries/ioerr.o
                0x000000000010266b                ioerr
 .text          0x000000000010267f       0x14 binaries/ionull.o
                0x000000000010267f                ionull
 .text          0x0000000000102693      0x1d0 binaries/kill.o
                0x0000000000102693                kill
 .text          0x0000000000102863      0x16c binaries/kprintf.o
                0x0000000000102863                kputc
                0x00000000001028ff                kgetc
                0x0000000000102993                kprintf
 .text          0x00000000001029cf      0x218 binaries/main.o
                0x00000000001029cf                main
                0x0000000000102b83                sndch
 .text          0x0000000000102be7       0xf0 binaries/mark.o
                0x0000000000102be7                markinit
                0x0000000000102c22                mark
 .text          0x0000000000102cd7      0x32d binaries/meminit.o
                0x0000000000102cd7                meminit
                0x0000000000102f41                setsegs
 .text          0x0000000000103004      0x194 binaries/mkbufpool.o
                0x0000000000103004                mkbufpool
 .text          0x0000000000103198       0x2b binaries/mymotd.o
                0x0000000000103198                mymotd
 .text          0x00000000001031c3       0xbb binaries/newqueue.o
                0x00000000001031c3                newqueue
 .text          0x000000000010327e       0x8c binaries/open.o
                0x000000000010327e                open
 .text          0x000000000010330a       0x2e binaries/panic.o
                0x000000000010330a                panic
 .text          0x0000000000103338      0x4a7 binaries/pci.o
                0x0000000000103338                pci_init
                0x00000000001033fe                find_pci_device
                0x00000000001034ef                pci_read_config_byte
                0x0000000000103557                pci_read_config_word
                0x00000000001035c1                pci_read_config_dword
                0x0000000000103629                pci_write_config_byte
                0x0000000000103695                pci_write_config_word
                0x0000000000103703                pci_write_config_dword
                0x0000000000103769                pci_get_dev_mmio_base_addr
 .text          0x00000000001037df      0x10a binaries/platinit.o
                0x00000000001037df                cpu_is_quark
                0x000000000010380d                console_init
                0x000000000010386a                platinit
 .text          0x00000000001038e9       0x92 binaries/procbirth.o
                0x00000000001038e9                procbirth
 .text          0x000000000010397b       0x92 binaries/procgrosscpu.o
                0x000000000010397b                procgrosscpu
 .text          0x0000000000103a0d      0x136 binaries/procgrosscpumicro.o
                0x0000000000103a0d                procgrosscpumicro
 .text          0x0000000000103b43       0xa0 binaries/proclifetime.o
                0x0000000000103b43                proclifetime
 .text          0x0000000000103be3      0x105 binaries/ptclear.o
                0x0000000000103be3                _ptclear
 .text          0x0000000000103ce8       0xaf binaries/ptcount.o
                0x0000000000103ce8                ptcount
 .text          0x0000000000103d97      0x138 binaries/ptcreate.o
                0x0000000000103d97                ptcreate
 .text          0x0000000000103ecf       0x94 binaries/ptdelete.o
                0x0000000000103ecf                ptdelete
 .text          0x0000000000103f63       0xe7 binaries/ptinit.o
                0x0000000000103f63                ptinit
 .text          0x000000000010404a      0x135 binaries/ptrecv.o
                0x000000000010404a                ptrecv
 .text          0x000000000010417f       0x89 binaries/ptreset.o
                0x000000000010417f                ptreset
 .text          0x0000000000104208      0x15a binaries/ptsend.o
                0x0000000000104208                ptsend
 .text          0x0000000000104362       0x91 binaries/putc.o
                0x0000000000104362                putc
 .text          0x00000000001043f3       0xdb binaries/quark_irq.o
                0x00000000001043f3                quark_irq_routing
 .text          0x00000000001044ce      0x20f binaries/quark_pdat.o
                0x00000000001044ce                get_quark_pdat_entry_data_by_id
                0x00000000001045d0                get_quark_pdat_entry_data_by_desc
 .text          0x00000000001046dd      0x14b binaries/queue.o
                0x00000000001046dd                enqueue
                0x00000000001047a3                dequeue
 .text          0x0000000000104828      0x305 binaries/rcreate.o
                0x0000000000104828                rcreate
 .text          0x0000000000104b2d       0x8c binaries/read.o
                0x0000000000104b2d                read
 .text          0x0000000000104bb9       0x94 binaries/ready.o
                0x0000000000104bb9                ready
 .text          0x0000000000104c4d       0x78 binaries/receive.o
                0x0000000000104c4d                receive
 .text          0x0000000000104cc5       0x74 binaries/recvclr.o
                0x0000000000104cc5                recvclr
 .text          0x0000000000104d39       0xd9 binaries/recvtime.o
                0x0000000000104d39                recvtime
 .text          0x0000000000104e12      0x258 binaries/resched.o
                0x0000000000104e12                resched
                0x0000000000104fcc                resched_cntl
 .text          0x000000000010506a       0xc7 binaries/resume.o
                0x000000000010506a                resume
 .text          0x0000000000105131      0x238 binaries/rinsert.o
                0x0000000000105131                rinsert
 .text          0x0000000000105369       0x8a binaries/seek.o
                0x0000000000105369                seek
 .text          0x00000000001053f3       0x87 binaries/semcount.o
                0x00000000001053f3                semcount
 .text          0x000000000010547a      0x100 binaries/semcreate.o
                0x000000000010547a                semcreate
 .text          0x000000000010557a       0xdf binaries/semdelete.o
                0x000000000010557a                semdelete
 .text          0x0000000000105659       0xe3 binaries/semreset.o
                0x0000000000105659                semreset
 .text          0x000000000010573c      0x103 binaries/send.o
                0x000000000010573c                send
 .text          0x000000000010583f       0xba binaries/signal.o
                0x000000000010583f                signal
 .text          0x00000000001058f9       0xe8 binaries/signaln.o
                0x00000000001058f9                signaln
 .text          0x00000000001059e1      0x115 binaries/sleep.o
                0x00000000001059e1                sleep
                0x0000000000105a39                sleepms
 .text          0x0000000000105af6       0xfd binaries/suspend.o
                0x0000000000105af6                suspend
 .text          0x0000000000105bf3       0x59 binaries/testcpu.o
                0x0000000000105bf3                testcpu
 .text          0x0000000000105c4c       0xc3 binaries/testio.o
                0x0000000000105c4c                testio
 .text          0x0000000000105d0f      0x108 binaries/unsleep.o
                0x0000000000105d0f                unsleep
 .text          0x0000000000105e17       0x29 binaries/userret.o
                0x0000000000105e17                userret
 .text          0x0000000000105e40       0xfc binaries/wait.o
                0x0000000000105e40                wait
 .text          0x0000000000105f3c       0x98 binaries/wakeup.o
                0x0000000000105f3c                wakeup
 .text          0x0000000000105fd4       0x28 binaries/wgetpid.o
                0x0000000000105fd4                wgetpid
 .text          0x0000000000105ffc       0x2b binaries/wgetppid.o
                0x0000000000105ffc                wgetppid
 .text          0x0000000000106027       0x32 binaries/wgetprio.o
                0x0000000000106027                wgetprio
 .text          0x0000000000106059       0x8c binaries/write.o
                0x0000000000106059                write
 .text          0x00000000001060e5       0x2f binaries/xdone.o
                0x00000000001060e5                xdone
 .text          0x0000000000106114       0x37 binaries/yield.o
                0x0000000000106114                yield
 .text          0x000000000010614b       0x1b binaries/abs.o
                0x000000000010614b                abs
 .text          0x0000000000106166       0x99 binaries/atoi.o
                0x0000000000106166                atoi
 .text          0x00000000001061ff       0x99 binaries/atol.o
                0x00000000001061ff                atol
 .text          0x0000000000106298       0x3c binaries/bzero.o
                0x0000000000106298                bzero
 .text          0x00000000001062d4        0x0 binaries/ctype_.o
 .text          0x00000000001062d4      0x94d binaries/doprnt.o
                0x00000000001062d4                _doprnt
 .text          0x0000000000106c21      0x6cb binaries/doscan.o
                0x0000000000106c21                _doscan
 .text.__x86.get_pc_thunk.di
                0x00000000001072ec        0x4 binaries/doscan.o
                0x00000000001072ec                __x86.get_pc_thunk.di
 .text          0x00000000001072f0      0x76a binaries/fdoprnt.o
                0x00000000001072f0                _fdoprnt
 .text          0x0000000000107a5a       0x39 binaries/fgetc.o
                0x0000000000107a5a                fgetc
 .text          0x0000000000107a93       0x84 binaries/fgets.o
                0x0000000000107a93                fgets
 .text          0x0000000000107b17       0x3c binaries/fprintf.o
                0x0000000000107b17                fprintf
 .text          0x0000000000107b53       0x3c binaries/fputc.o
                0x0000000000107b53                fputc
 .text          0x0000000000107b8f       0x52 binaries/fputs.o
                0x0000000000107b8f                fputs
 .text          0x0000000000107be1       0xb8 binaries/fscanf.o
                0x0000000000107be1                fscanf
 .text          0x0000000000107c99       0x4a binaries/getchar.o
                0x0000000000107c99                getchar
 .text          0x0000000000107ce3       0x1b binaries/labs.o
                0x0000000000107ce3                labs
 .text          0x0000000000107cfe        0x0 binaries/memchr.o
 .text          0x0000000000107cfe       0x5b binaries/memcmp.o
                0x0000000000107cfe                memcmp
 .text          0x0000000000107d59       0x49 binaries/memcpy.o
                0x0000000000107d59                memcpy
 .text          0x0000000000107da2       0x3a binaries/memset.o
                0x0000000000107da2                memset
 .text          0x0000000000107ddc       0x62 binaries/printf.o
                0x0000000000107ddc                printf
 .text          0x0000000000107e3e       0x4d binaries/putchar.o
                0x0000000000107e3e                putchar
 .text          0x0000000000107e8b      0x2b7 binaries/qsort.o
                0x0000000000107e8b                qsort
 .text          0x0000000000108142       0x81 binaries/rand.o
                0x0000000000108142                rand
                0x0000000000108166                rand_r
                0x00000000001081aa                srand
 .text          0x00000000001081c3       0x82 binaries/sprintf.o
                0x00000000001081c3                sprintf
 .text          0x0000000000108245       0x98 binaries/sscanf.o
                0x0000000000108245                sscanf
 .text          0x00000000001082dd       0x46 binaries/strchr.o
                0x00000000001082dd                strchr
 .text          0x0000000000108323       0x4f binaries/strcmp.o
                0x0000000000108323                strcmp
 .text          0x0000000000108372       0x31 binaries/strcpy.o
                0x0000000000108372                strcpy
 .text          0x00000000001083a3       0x30 binaries/strlen.o
                0x00000000001083a3                strlen
 .text          0x00000000001083d3       0x60 binaries/strncat.o
                0x00000000001083d3                strncat
 .text          0x0000000000108433       0x68 binaries/strncmp.o
                0x0000000000108433                strncmp
 .text          0x000000000010849b       0x59 binaries/strncpy.o
                0x000000000010849b                strncpy
 .text          0x00000000001084f4       0x38 binaries/strnlen.o
                0x00000000001084f4                strnlen
 .text          0x000000000010852c       0x4f binaries/strrchr.o
                0x000000000010852c                strrchr
 .text          0x000000000010857b       0x78 binaries/strstr.o
                0x000000000010857b                strstr
 .text          0x00000000001085f3       0xfb binaries/ttycontrol.o
                0x00000000001085f3                ttycontrol
 .text          0x00000000001086ee       0xab binaries/ttygetc.o
                0x00000000001086ee                ttygetc
 .text          0x0000000000108799      0x713 binaries/ttyhandle_in.o
                0x0000000000108799                ttyhandle_in
 .text          0x0000000000108eac      0x197 binaries/ttyhandle_out.o
                0x0000000000108eac                ttyhandle_out
 .text          0x0000000000109043       0xcf binaries/ttyhandler.o
                0x0000000000109043                ttyhandler
 .text          0x0000000000109112      0x203 binaries/ttyinit.o
                0x0000000000109112                ttyinit
 .text          0x0000000000109315       0x1a binaries/ttykickout.o
                0x0000000000109315                ttykickout
 .text          0x000000000010932f       0xc9 binaries/ttyputc.o
                0x000000000010932f                ttyputc
 .text          0x00000000001093f8      0x12d binaries/ttyread.o
                0x00000000001093f8                ttyread
 .text          0x0000000000109525       0x5c binaries/ttywrite.o
                0x0000000000109525                ttywrite
 .text          0x0000000000109581      0x174 binaries/mount.o
                0x0000000000109581                mount
                0x00000000001096b5                namlen
 .text          0x00000000001096f5      0x220 binaries/naminit.o
                0x00000000001096f5                naminit
 .text          0x0000000000109915      0x243 binaries/nammap.o
                0x0000000000109915                nammap
                0x00000000001099b2                namrepl
                0x0000000000109afe                namcpy
 .text          0x0000000000109b58       0x5d binaries/namopen.o
                0x0000000000109b58                namopen
 .text          0x0000000000109bb5       0xa8 binaries/ethcontrol.o
                0x0000000000109bb5                ethcontrol
 .text          0x0000000000109c5d      0x19f binaries/ethhandler.o
                0x0000000000109c5d                ethhandler
 .text          0x0000000000109dfc      0x770 binaries/ethinit.o
                0x0000000000109dfc                eth_phy_read
                0x0000000000109e70                eth_phy_write
                0x0000000000109eef                eth_phy_reset
                0x000000000010a043                ethinit
 .text.__x86.get_pc_thunk.si
                0x000000000010a56c        0x4 binaries/ethinit.o
                0x000000000010a56c                __x86.get_pc_thunk.si
 .text          0x000000000010a570      0x19c binaries/ethmcast.o
                0x000000000010a570                ethmcast_add
                0x000000000010a5fd                ethmcast_remove
 .text          0x000000000010a70c      0x1a1 binaries/ethread.o
                0x000000000010a70c                ethread
 .text          0x000000000010a8ad      0x10a binaries/ethwrite.o
                0x000000000010a8ad                ethwrite
 .text          0x000000000010a9b7       0xaf binaries/rdsbufalloc.o
                0x000000000010a9b7                rdsbufalloc
 .text          0x000000000010aa66       0xcf binaries/rdsclose.o
                0x000000000010aa66                rdsclose
 .text          0x000000000010ab35      0x304 binaries/rdscomm.o
                0x000000000010ab35                rdscomm
 .text          0x000000000010ae39      0x242 binaries/rdscontrol.o
                0x000000000010ae39                rdscontrol
 .text          0x000000000010b07b      0x204 binaries/rdsinit.o
                0x000000000010b07b                rdsinit
 .text          0x000000000010b27f      0x1a4 binaries/rdsopen.o
                0x000000000010b27f                rdsopen
 .text          0x000000000010b423      0x471 binaries/rdsprocess.o
                0x000000000010b423                rdsprocess
 .text          0x000000000010b894      0x262 binaries/rdsread.o
                0x000000000010b894                rdsread
 .text          0x000000000010baf6      0x202 binaries/rdswrite.o
                0x000000000010baf6                rdswrite
 .text          0x000000000010bcf8       0x14 binaries/ramclose.o
                0x000000000010bcf8                ramclose
 .text          0x000000000010bd0c       0x58 binaries/raminit.o
                0x000000000010bd0c                raminit
 .text          0x000000000010bd64       0x14 binaries/ramopen.o
                0x000000000010bd64                ramopen
 .text          0x000000000010bd78       0x47 binaries/ramread.o
                0x000000000010bd78                ramread
 .text          0x000000000010bdbf       0x47 binaries/ramwrite.o
                0x000000000010bdbf                ramwrite
 .text          0x000000000010be06       0xc4 binaries/lfdballoc.o
                0x000000000010be06                lfdballoc
 .text          0x000000000010beca       0x6c binaries/lfdbfree.o
                0x000000000010beca                lfdbfree
 .text          0x000000000010bf36       0xe0 binaries/lfflush.o
                0x000000000010bf36                lfflush
 .text          0x000000000010c016       0xe2 binaries/lfgetmode.o
                0x000000000010c016                lfgetmode
 .text          0x000000000010c0f8       0x92 binaries/lfiballoc.o
                0x000000000010c0f8                lfiballoc
 .text          0x000000000010c18a       0x45 binaries/lfibclear.o
                0x000000000010c18a                lfibclear
 .text          0x000000000010c1cf       0xbc binaries/lfibget.o
                0x000000000010c1cf                lfibget
 .text          0x000000000010c28b       0xeb binaries/lfibput.o
                0x000000000010c28b                lfibput
 .text          0x000000000010c376       0xbb binaries/lflclose.o
                0x000000000010c376                lflclose
 .text          0x000000000010c431       0xef binaries/lflcontrol.o
                0x000000000010c431                lflcontrol
 .text          0x000000000010c520      0x104 binaries/lflgetc.o
                0x000000000010c520                lflgetc
 .text          0x000000000010c624      0x102 binaries/lflinit.o
                0x000000000010c624                lflinit
 .text          0x000000000010c726      0x13a binaries/lflputc.o
                0x000000000010c726                lflputc
 .text          0x000000000010c860       0x7f binaries/lflread.o
                0x000000000010c860                lflread
 .text          0x000000000010c8df       0xbe binaries/lflseek.o
                0x000000000010c8df                lflseek
 .text          0x000000000010c99d       0x64 binaries/lflwrite.o
                0x000000000010c99d                lflwrite
 .text          0x000000000010ca01       0x6c binaries/lfscheck.o
                0x000000000010ca01                lfscheck
 .text          0x000000000010ca6d      0x194 binaries/lfsckfmt.o
                0x000000000010ca6d                lfsckfmt
 .text          0x000000000010cc01      0x1be binaries/lfscreate.o
                0x000000000010cc01                lfscreate
 .text          0x000000000010cdbf      0x2a3 binaries/lfsetup.o
                0x000000000010cdbf                lfsetup
 .text          0x000000000010d062       0x81 binaries/lfsinit.o
                0x000000000010d062                lfsinit
 .text          0x000000000010d0e3      0x411 binaries/lfsopen.o
                0x000000000010d0e3                lfsopen
 .text          0x000000000010d4f4      0x18a binaries/lftruncate.o
                0x000000000010d4f4                lftruncate
 .text          0x000000000010d67e       0x8f binaries/rflclose.o
                0x000000000010d67e                rflclose
 .text          0x000000000010d70d       0x42 binaries/rflgetc.o
                0x000000000010d70d                rflgetc
 .text          0x000000000010d74f       0x86 binaries/rflinit.o
                0x000000000010d74f                rflinit
 .text          0x000000000010d7d5       0x43 binaries/rflputc.o
                0x000000000010d7d5                rflputc
 .text          0x000000000010d818      0x396 binaries/rflread.o
                0x000000000010d818                rflread
 .text          0x000000000010dbae       0x92 binaries/rflseek.o
                0x000000000010dbae                rflseek
 .text          0x000000000010dc40      0x381 binaries/rflwrite.o
                0x000000000010dc40                rflwrite
 .text          0x000000000010dfc1      0x21d binaries/rfscomm.o
                0x000000000010dfc1                rfscomm
 .text          0x000000000010e1de      0x2cc binaries/rfscontrol.o
                0x000000000010e1de                rfscontrol
 .text          0x000000000010e4aa       0xe2 binaries/rfsgetmode.o
                0x000000000010e4aa                rfsgetmode
 .text          0x000000000010e58c       0xb5 binaries/rfsinit.o
                0x000000000010e58c                rfsinit
 .text          0x000000000010e641      0x122 binaries/rfsndmsg.o
                0x000000000010e641                rfsndmsg
 .text          0x000000000010e763      0x2e3 binaries/rfsopen.o
                0x000000000010e763                rfsopen
 .text          0x000000000010ea46      0x8e6 binaries/arp.o
                0x000000000010ea46                arp_init
                0x000000000010ea8c                arp_resolve
                0x000000000010ed7a                arp_in
                0x000000000010f05c                arp_alloc
                0x000000000010f13e                arp_ntoh
                0x000000000010f235                arp_hton
 .text          0x000000000010f32c      0x97b binaries/dhcp.o
                0x000000000010f32c                dhcp_get_opt_val
                0x000000000010f38f                dhcp_bld_bootp_msg
                0x000000000010f4b6                dhcp_bld_disc
                0x000000000010f5a9                dhcp_bld_req
                0x000000000010f72c                getlocalip
 .text          0x000000000010fca7      0x5f4 binaries/dns.o
                0x000000000010fca7                dnslookup
 .text          0x000000000011029b       0xf4 binaries/dot2ip.o
                0x000000000011029b                dot2ip
 .text          0x000000000011038f      0x528 binaries/hexdump.o
                0x000000000011038f                hexdump
                0x000000000011055d                hexadump
 .text          0x00000000001108b7      0x939 binaries/icmp.o
                0x00000000001108b7                icmp_init
                0x00000000001108fd                icmp_in
                0x0000000000110ade                icmp_register
                0x0000000000110be8                icmp_recv
                0x0000000000110d86                icmp_send
                0x0000000000110e1b                icmp_mkpkt
                0x0000000000110f4f                icmp_release
                0x000000000011105c                icmp_cksum
                0x00000000001110f2                icmp_hton
                0x0000000000111171                icmp_ntoh
 .text          0x00000000001111f0      0x96c binaries/ip.o
                0x00000000001111f0                ip_in
                0x0000000000111395                ip_send
                0x0000000000111517                ip_local
                0x0000000000111578                ip_out
                0x00000000001116c0                ipcksum
                0x0000000000111750                ip_ntoh
                0x0000000000111847                ip_hton
                0x000000000011193e                ipout
                0x0000000000111a95                ip_enqueue
 .text          0x0000000000111b5c      0x337 binaries/net.o
                0x0000000000111b5c                net_init
                0x0000000000111cbc                netin
                0x0000000000111d8a                eth_hton
                0x0000000000111dbf                eth_ntoh
                0x0000000000111df4                getport
 .text          0x0000000000111e93     0x15bc binaries/pdump.o
                0x0000000000111e93                pdump
                0x0000000000112ceb                pdumph
 .text          0x000000000011344f      0x4ee binaries/tftp.o
                0x000000000011344f                tftp_send1
                0x00000000001135e2                tftpget
 .text          0x000000000011393d      0xc36 binaries/udp.o
                0x000000000011393d                udp_init
                0x0000000000113983                udp_in
                0x0000000000113ad6                udp_register
                0x0000000000113c25                udp_recv
                0x0000000000113dd4                udp_recvaddr
                0x0000000000113f9b                udp_send
                0x000000000011419e                udp_sendto
                0x0000000000114369                udp_release
                0x0000000000114475                udp_ntoh
                0x00000000001144f4                udp_hton
 .text          0x0000000000114573      0x151 binaries/addargs.o
                0x0000000000114573                addargs
 .text          0x00000000001146c4      0x2d1 binaries/lexan.o
                0x00000000001146c4                lexan
 .text          0x0000000000114995      0x6e5 binaries/shell.o
                0x0000000000114995                shell
 .text          0x000000000011507a       0x7e binaries/xsh_argecho.o
                0x000000000011507a                xsh_argecho
 .text          0x00000000001150f8      0x2cc binaries/xsh_arp.o
                0x00000000001150f8                xsh_arp
 .text          0x00000000001153c4      0x2c6 binaries/xsh_cat.o
                0x00000000001153c4                xsh_cat
 .text          0x000000000011568a       0x7d binaries/xsh_clear.o
                0x000000000011568a                xsh_clear
 .text          0x0000000000115707      0x36f binaries/xsh_date.o
                0x0000000000115707                xsh_date
 .text          0x0000000000115a76       0xcf binaries/xsh_devdump.o
                0x0000000000115a76                xsh_devdump
 .text          0x0000000000115b45       0x87 binaries/xsh_echo.o
                0x0000000000115b45                xsh_echo
 .text          0x0000000000115bcc       0x14 binaries/xsh_exit.o
                0x0000000000115bcc                xsh_exit
 .text          0x0000000000115be0      0x3f5 binaries/xsh_help.o
                0x0000000000115be0                xsh_help
 .text          0x0000000000115fd5      0x2a3 binaries/xsh_kill.o
                0x0000000000115fd5                xsh_kill
 .text          0x0000000000116278      0x5cd binaries/xsh_memdump.o
                0x0000000000116278                xsh_memdump
 .text          0x0000000000116845      0x32a binaries/xsh_memstat.o
                0x0000000000116845                xsh_memstat
 .text          0x0000000000116b6f      0x5ed binaries/xsh_netinfo.o
                0x0000000000116b6f                xsh_netinfo
 .text          0x000000000011715c      0x512 binaries/xsh_ping.o
                0x000000000011715c                xsh_ping
 .text          0x000000000011766e      0x28c binaries/xsh_ps.o
                0x000000000011766e                xsh_ps
 .text          0x00000000001178fa      0x281 binaries/xsh_sleep.o
                0x00000000001178fa                xsh_sleep
 .text          0x0000000000117b7b      0x2e4 binaries/xsh_udpdump.o
                0x0000000000117b7b                xsh_udpdump
 .text          0x0000000000117e5f      0x55e binaries/xsh_udpecho.o
                0x0000000000117e5f                xsh_udpecho
 .text          0x00000000001183bd      0x317 binaries/xsh_udpserver.o
                0x00000000001183bd                xsh_udpeserver
 .text          0x00000000001186d4      0x23c binaries/xsh_uptime.o
                0x00000000001186d4                xsh_uptime
 .text          0x0000000000118910        0xe binaries/clkdisp.o
                0x0000000000118910                clkdisp
 .text          0x000000000011891e       0x19 binaries/ctxsw.o
                0x000000000011891e                ctxsw
 .text          0x0000000000118937      0x38b binaries/intr.o
                0x0000000000118937                disable
                0x0000000000118940                restore
                0x000000000011894e                enable
                0x0000000000118950                pause
                0x0000000000118957                halt
                0x000000000011895a                spurious_irq7
                0x000000000011895f                spurious_irq15
                0x000000000011896e                _Xint0
                0x0000000000118979                _Xint1
                0x0000000000118984                _Xint2
                0x000000000011898f                _Xint3
                0x000000000011899a                _Xint4
                0x00000000001189a5                _Xint5
                0x00000000001189b0                _Xint6
                0x00000000001189bb                _Xint7
                0x00000000001189c6                _Xint8
                0x00000000001189d1                _Xint9
                0x00000000001189dc                _Xint10
                0x00000000001189e7                _Xint11
                0x00000000001189f5                _Xint12
                0x0000000000118a03                _Xint13
                0x0000000000118a11                _Xint14
                0x0000000000118a1f                _Xint15
                0x0000000000118a2d                _Xint16
                0x0000000000118a3b                _Xint17
                0x0000000000118a49                _Xint18
                0x0000000000118a57                _Xint19
                0x0000000000118a65                _Xint20
                0x0000000000118a73                _Xint21
                0x0000000000118a81                _Xint22
                0x0000000000118a8f                _Xint23
                0x0000000000118a9d                _Xint24
                0x0000000000118aab                _Xint25
                0x0000000000118ab9                _Xint26
                0x0000000000118ac7                _Xint27
                0x0000000000118ad5                _Xint28
                0x0000000000118ae3                _Xint29
                0x0000000000118af1                _Xint30
                0x0000000000118aff                _Xint31
                0x0000000000118b0d                _Xint32
                0x0000000000118b1b                _Xint33
                0x0000000000118b4c                _Xint34
                0x0000000000118b5a                _Xint35
                0x0000000000118b68                _Xint36
                0x0000000000118b76                _Xint37
                0x0000000000118b84                _Xint38
                0x0000000000118b92                _Xint39
                0x0000000000118ba0                _Xint40
                0x0000000000118bae                _Xint41
                0x0000000000118bbc                _Xint42
                0x0000000000118bca                _Xint43
                0x0000000000118bd8                _Xint44
                0x0000000000118be6                _Xint45
                0x0000000000118bf4                _Xint46
                0x0000000000118c02                defevec
 .text          0x0000000000118cc2        0xf binaries/ttydispatch.o
                0x0000000000118cc2                ttydispatch
 .text          0x0000000000118cd1       0x13 binaries/ethdispatch.o
                0x0000000000118cd1                ethdispatch
 *(.rodata .rodata.*)
 .rodata        0x0000000000118ce4       0x8e binaries/ascdate.o
 .rodata        0x0000000000118d72        0x8 binaries/chprio.o
 .rodata        0x0000000000118d7a       0xae binaries/conf.o
 .rodata        0x0000000000118e28       0x83 binaries/early_imr.o
 *fill*         0x0000000000118eab        0x1 
 .rodata        0x0000000000118eac      0x265 binaries/evec.o
 *fill*         0x0000000000119111        0x3 
 .rodata        0x0000000000119114       0x61 binaries/getutime.o
 *fill*         0x0000000000119175        0x3 
 .rodata        0x0000000000119178      0x128 binaries/initialize.o
 .rodata        0x00000000001192a0       0x20 binaries/kill.o
 .rodata        0x00000000001192c0      0x242 binaries/main.o
 *fill*         0x0000000000119502        0x2 
 .rodata        0x0000000000119504       0x3e binaries/meminit.o
 .rodata        0x0000000000119542       0x10 binaries/mymotd.o
 .rodata        0x0000000000119552        0xf binaries/panic.o
 *fill*         0x0000000000119561        0xf 
 .rodata        0x0000000000119570       0x28 binaries/procgrosscpumicro.o
 .rodata        0x0000000000119598       0x1d binaries/ptinit.o
 *fill*         0x00000000001195b5        0x3 
 .rodata        0x00000000001195b8       0x25 binaries/ptsend.o
 .rodata        0x00000000001195dd       0x22 binaries/quark_pdat.o
 *fill*         0x00000000001195ff        0x1 
 .rodata        0x0000000000119600       0x21 binaries/rinsert.o
 .rodata        0x0000000000119621       0x17 binaries/testcpu.o
 .rodata        0x0000000000119638       0x11 binaries/testio.o
 *fill*         0x0000000000119649        0x3 
 .rodata        0x000000000011964c       0x27 binaries/xdone.o
 *fill*         0x0000000000119673        0xd 
 .rodata        0x0000000000119680       0x81 binaries/ctype_.o
                0x0000000000119680                _ctype_
 *fill*         0x0000000000119701        0x3 
 .rodata        0x0000000000119704       0xee binaries/doprnt.o
 *fill*         0x00000000001197f2        0x2 
 .rodata        0x00000000001197f4       0x98 binaries/doscan.o
 .rodata        0x000000000011988c       0xae binaries/fdoprnt.o
 *fill*         0x000000000011993a        0x2 
 .rodata        0x000000000011993c       0x20 binaries/ttycontrol.o
 .rodata        0x000000000011995c       0x34 binaries/ttyhandler.o
 .rodata        0x0000000000119990       0x80 binaries/naminit.o
 .rodata        0x0000000000119a10       0x46 binaries/ethinit.o
 *fill*         0x0000000000119a56        0x2 
 .rodata        0x0000000000119a58       0x2c binaries/rdsbufalloc.o
 .rodata        0x0000000000119a84       0x76 binaries/rdscomm.o
 *fill*         0x0000000000119afa        0x2 
 .rodata        0x0000000000119afc       0x48 binaries/rdscontrol.o
 .rodata        0x0000000000119b44       0x96 binaries/rdsinit.o
 *fill*         0x0000000000119bda        0x2 
 .rodata        0x0000000000119bdc       0x22 binaries/rdsopen.o
 *fill*         0x0000000000119bfe        0x2 
 .rodata        0x0000000000119c00       0x4d binaries/rdsprocess.o
 .rodata        0x0000000000119c4d        0x9 binaries/raminit.o
 *fill*         0x0000000000119c56        0x2 
 .rodata        0x0000000000119c58       0x37 binaries/lfdballoc.o
 .rodata        0x0000000000119c8f       0x14 binaries/lfiballoc.o
 *fill*         0x0000000000119ca3        0x1 
 .rodata        0x0000000000119ca4       0x23 binaries/lflcontrol.o
 *fill*         0x0000000000119cc7        0x1 
 .rodata        0x0000000000119cc8      0x11b binaries/lfsckfmt.o
 *fill*         0x0000000000119de3        0x1 
 .rodata        0x0000000000119de4       0x2a binaries/lfsopen.o
 *fill*         0x0000000000119e0e        0x2 
 .rodata        0x0000000000119e10       0x21 binaries/rflread.o
 *fill*         0x0000000000119e31        0x3 
 .rodata        0x0000000000119e34       0x21 binaries/rflwrite.o
 *fill*         0x0000000000119e55        0x3 
 .rodata        0x0000000000119e58       0x75 binaries/rfscomm.o
 *fill*         0x0000000000119ecd        0x3 
 .rodata        0x0000000000119ed0       0x3c binaries/rfscontrol.o
 .rodata        0x0000000000119f0c       0x63 binaries/rfsinit.o
 *fill*         0x0000000000119f6f        0x1 
 .rodata        0x0000000000119f70       0x2a binaries/rfsndmsg.o
 *fill*         0x0000000000119f9a        0x2 
 .rodata        0x0000000000119f9c       0x22 binaries/rfsopen.o
 *fill*         0x0000000000119fbe        0x2 
 .rodata        0x0000000000119fc0       0x3a binaries/arp.o
 *fill*         0x0000000000119ffa        0x2 
 .rodata        0x0000000000119ffc       0xcf binaries/dhcp.o
 .rodata        0x000000000011a0cb       0x1a binaries/dns.o
 *fill*         0x000000000011a0e5        0x3 
 .rodata        0x000000000011a0e8       0xc9 binaries/hexdump.o
 *fill*         0x000000000011a1b1        0x3 
 .rodata        0x000000000011a1b4       0x29 binaries/icmp.o
 *fill*         0x000000000011a1dd        0x3 
 .rodata        0x000000000011a1e0       0x6e binaries/ip.o
 *fill*         0x000000000011a24e        0x2 
 .rodata        0x000000000011a250       0x4f binaries/net.o
 *fill*         0x000000000011a29f        0x1 
 .rodata        0x000000000011a2a0      0x26f binaries/pdump.o
 *fill*         0x000000000011a50f        0x1 
 .rodata        0x000000000011a510      0x10c binaries/tftp.o
 .rodata        0x000000000011a61c      0x2c1 binaries/shell.o
 .rodata        0x000000000011a8dd       0x28 binaries/xsh_argecho.o
 *fill*         0x000000000011a905        0x3 
 .rodata        0x000000000011a908      0x123 binaries/xsh_arp.o
 *fill*         0x000000000011aa2b        0x1 
 .rodata        0x000000000011aa2c       0xc9 binaries/xsh_cat.o
 .rodata        0x000000000011aaf5       0x19 binaries/xsh_clear.o
 *fill*         0x000000000011ab0e        0x2 
 .rodata        0x000000000011ab10      0x1c3 binaries/xsh_date.o
 .rodata        0x000000000011acd3       0x5d binaries/xsh_devdump.o
 .rodata        0x000000000011ad30        0x9 binaries/xsh_echo.o
 *fill*         0x000000000011ad39        0x3 
 .rodata        0x000000000011ad3c      0x169 binaries/xsh_help.o
 *fill*         0x000000000011aea5        0x3 
 .rodata        0x000000000011aea8      0x12e binaries/xsh_kill.o
 *fill*         0x000000000011afd6        0x2 
 .rodata        0x000000000011afd8      0x266 binaries/xsh_memdump.o
 *fill*         0x000000000011b23e        0x2 
 .rodata        0x000000000011b240      0x225 binaries/xsh_memstat.o
 *fill*         0x000000000011b465        0x3 
 .rodata        0x000000000011b468      0x1b0 binaries/xsh_netinfo.o
 .rodata        0x000000000011b618      0x1a1 binaries/xsh_ping.o
 *fill*         0x000000000011b7b9        0x3 
 .rodata        0x000000000011b7bc      0x1a8 binaries/xsh_ps.o
 .rodata        0x000000000011b964       0xeb binaries/xsh_sleep.o
 *fill*         0x000000000011ba4f        0x1 
 .rodata        0x000000000011ba50      0x1b8 binaries/xsh_udpdump.o
 .rodata        0x000000000011bc08      0x215 binaries/xsh_udpecho.o
 *fill*         0x000000000011be1d        0x3 
 .rodata        0x000000000011be20      0x12b binaries/xsh_udpserver.o
 *fill*         0x000000000011bf4b        0x1 
 .rodata        0x000000000011bf4c      0x105 binaries/xsh_uptime.o
                0x000000000011c051                etext = ABSOLUTE (.)
                0x000000000011d000                . = ALIGN (0x1000)
 *fill*         0x000000000011c051      0xfaf 

.eh_frame       0x000000000011d000     0x3248
 .eh_frame      0x000000000011d000       0x50 binaries/ascdate.o
 .eh_frame      0x000000000011d050       0x34 binaries/bufinit.o
                                         0x4c (size before relaxing)
 .eh_frame      0x000000000011d084       0x38 binaries/chprio.o
                                         0x50 (size before relaxing)
 .eh_frame      0x000000000011d0bc       0x24 binaries/clkhandler.o
                                         0x50 (size before relaxing)
 .eh_frame      0x000000000011d0e0       0x24 binaries/clkinit.o
                                         0x50 (size before relaxing)
 .eh_frame      0x000000000011d104       0x24 binaries/close.o
                                         0x50 (size before relaxing)
 .eh_frame      0x000000000011d128       0x24 binaries/control.o
                                         0x50 (size before relaxing)
 .eh_frame      0x000000000011d14c       0x48 binaries/create.o
                                         0x88 (size before relaxing)
 .eh_frame      0x000000000011d194      0x114 binaries/early_imr.o
                                        0x154 (size before relaxing)
 .eh_frame      0x000000000011d2a8       0x90 binaries/evec.o
                                         0xd0 (size before relaxing)
 .eh_frame      0x000000000011d338       0x24 binaries/exit.o
                                         0x50 (size before relaxing)
 .eh_frame      0x000000000011d35c       0x24 binaries/freebuf.o
                                         0x50 (size before relaxing)
 .eh_frame      0x000000000011d380       0x24 binaries/freemem.o
                                         0x50 (size before relaxing)
 .eh_frame      0x000000000011d3a4       0x24 binaries/getbuf.o
                                         0x50 (size before relaxing)
 .eh_frame      0x000000000011d3c8       0x24 binaries/getc.o
                                         0x50 (size before relaxing)
 .eh_frame      0x000000000011d3ec       0x24 binaries/getdev.o
                                         0x50 (size before relaxing)
 .eh_frame      0x000000000011d410       0x78 binaries/getitem.o
                                         0xa4 (size before relaxing)
 .eh_frame      0x000000000011d488       0x24 binaries/getmem.o
                                         0x50 (size before relaxing)
 .eh_frame      0x000000000011d4ac       0x20 binaries/getpid.o
                                         0x4c (size before relaxing)
 .eh_frame      0x000000000011d4cc       0x24 binaries/getppid.o
                                         0x50 (size before relaxing)
 .eh_frame      0x000000000011d4f0       0x24 binaries/getprio.o
                                         0x50 (size before relaxing)
 .eh_frame      0x000000000011d514       0x24 binaries/getstk.o
                                         0x50 (size before relaxing)
 .eh_frame      0x000000000011d538       0x20 binaries/getticks.o
                                         0x4c (size before relaxing)
 .eh_frame      0x000000000011d558       0x24 binaries/gettime.o
                                         0x50 (size before relaxing)
 .eh_frame      0x000000000011d57c       0x20 binaries/gettmslice.o
                                         0x4c (size before relaxing)
 .eh_frame      0x000000000011d59c       0x24 binaries/getutime.o
                                         0x50 (size before relaxing)
 .eh_frame      0x000000000011d5c0       0x24 binaries/init.o
                                         0x50 (size before relaxing)
 .eh_frame      0x000000000011d5e4       0xa4 binaries/initialize.o
                                         0xe4 (size before relaxing)
 .eh_frame      0x000000000011d688       0x28 binaries/insert.o
                                         0x54 (size before relaxing)
 .eh_frame      0x000000000011d6b0       0x28 binaries/insertd.o
                                         0x54 (size before relaxing)
 .eh_frame      0x000000000011d6d8       0x20 binaries/ioerr.o
                                         0x4c (size before relaxing)
 .eh_frame      0x000000000011d6f8       0x20 binaries/ionull.o
                                         0x4c (size before relaxing)
 .eh_frame      0x000000000011d718       0x2c binaries/kill.o
                                         0x58 (size before relaxing)
 .eh_frame      0x000000000011d744       0x6c binaries/kprintf.o
                                         0xac (size before relaxing)
 .eh_frame      0x000000000011d7b0       0x5c binaries/main.o
                                         0x88 (size before relaxing)
 .eh_frame      0x000000000011d80c       0x48 binaries/mark.o
                                         0x74 (size before relaxing)
 .eh_frame      0x000000000011d854       0x54 binaries/meminit.o
                                         0x94 (size before relaxing)
 .eh_frame      0x000000000011d8a8       0x24 binaries/mkbufpool.o
                                         0x50 (size before relaxing)
 .eh_frame      0x000000000011d8cc       0x24 binaries/mymotd.o
                                         0x50 (size before relaxing)
 .eh_frame      0x000000000011d8f0       0x24 binaries/newqueue.o
                                         0x50 (size before relaxing)
 .eh_frame      0x000000000011d914       0x24 binaries/open.o
                                         0x50 (size before relaxing)
 .eh_frame      0x000000000011d938       0x1c binaries/panic.o
                                         0x48 (size before relaxing)
 .eh_frame      0x000000000011d954      0x1c0 binaries/pci.o
                                        0x1ec (size before relaxing)
 .eh_frame      0x000000000011db14       0x6c binaries/platinit.o
                                         0xac (size before relaxing)
 .eh_frame      0x000000000011db80       0x24 binaries/procbirth.o
                                         0x50 (size before relaxing)
 .eh_frame      0x000000000011dba4       0x24 binaries/procgrosscpu.o
                                         0x50 (size before relaxing)
 .eh_frame      0x000000000011dbc8       0x30 binaries/procgrosscpumicro.o
                                         0x5c (size before relaxing)
 .eh_frame      0x000000000011dbf8       0x24 binaries/proclifetime.o
                                         0x50 (size before relaxing)
 .eh_frame      0x000000000011dc1c       0x24 binaries/ptclear.o
                                         0x50 (size before relaxing)
 .eh_frame      0x000000000011dc40       0x24 binaries/ptcount.o
                                         0x50 (size before relaxing)
 .eh_frame      0x000000000011dc64       0x24 binaries/ptcreate.o
                                         0x50 (size before relaxing)
 .eh_frame      0x000000000011dc88       0x24 binaries/ptdelete.o
                                         0x50 (size before relaxing)
 .eh_frame      0x000000000011dcac       0x24 binaries/ptinit.o
                                         0x50 (size before relaxing)
 .eh_frame      0x000000000011dcd0       0x24 binaries/ptrecv.o
                                         0x50 (size before relaxing)
 .eh_frame      0x000000000011dcf4       0x24 binaries/ptreset.o
                                         0x50 (size before relaxing)
 .eh_frame      0x000000000011dd18       0x24 binaries/ptsend.o
                                         0x50 (size before relaxing)
 .eh_frame      0x000000000011dd3c       0x24 binaries/putc.o
                                         0x50 (size before relaxing)
 .eh_frame      0x000000000011dd60       0x24 binaries/quark_irq.o
                                         0x50 (size before relaxing)
 .eh_frame      0x000000000011dd84       0x48 binaries/quark_pdat.o
                                         0x74 (size before relaxing)
 .eh_frame      0x000000000011ddcc       0x48 binaries/queue.o
                                         0x88 (size before relaxing)
 .eh_frame      0x000000000011de14       0x48 binaries/rcreate.o
                                         0x88 (size before relaxing)
 .eh_frame      0x000000000011de5c       0x24 binaries/read.o
                                         0x50 (size before relaxing)
 .eh_frame      0x000000000011de80       0x28 binaries/ready.o
                                         0x54 (size before relaxing)
 .eh_frame      0x000000000011dea8       0x24 binaries/receive.o
                                         0x50 (size before relaxing)
 .eh_frame      0x000000000011decc       0x24 binaries/recvclr.o
                                         0x50 (size before relaxing)
 .eh_frame      0x000000000011def0       0x24 binaries/recvtime.o
                                         0x50 (size before relaxing)
 .eh_frame      0x000000000011df14       0x48 binaries/resched.o
                                         0x88 (size before relaxing)
 .eh_frame      0x000000000011df5c       0x24 binaries/resume.o
                                         0x50 (size before relaxing)
 .eh_frame      0x000000000011df80       0x24 binaries/rinsert.o
                                         0x50 (size before relaxing)
 .eh_frame      0x000000000011dfa4       0x24 binaries/seek.o
                                         0x50 (size before relaxing)
 .eh_frame      0x000000000011dfc8       0x24 binaries/semcount.o
                                         0x50 (size before relaxing)
 .eh_frame      0x000000000011dfec       0x48 binaries/semcreate.o
                                         0x88 (size before relaxing)
 .eh_frame      0x000000000011e034       0x24 binaries/semdelete.o
                                         0x50 (size before relaxing)
 .eh_frame      0x000000000011e058       0x24 binaries/semreset.o
                                         0x50 (size before relaxing)
 .eh_frame      0x000000000011e07c       0x24 binaries/send.o
                                         0x50 (size before relaxing)
 .eh_frame      0x000000000011e0a0       0x24 binaries/signal.o
                                         0x50 (size before relaxing)
 .eh_frame      0x000000000011e0c4       0x24 binaries/signaln.o
                                         0x50 (size before relaxing)
 .eh_frame      0x000000000011e0e8       0x44 binaries/sleep.o
                                         0x84 (size before relaxing)
 .eh_frame      0x000000000011e12c       0x24 binaries/suspend.o
                                         0x50 (size before relaxing)
 .eh_frame      0x000000000011e150       0x24 binaries/testcpu.o
                                         0x50 (size before relaxing)
 .eh_frame      0x000000000011e174       0x28 binaries/testio.o
                                         0x54 (size before relaxing)
 .eh_frame      0x000000000011e19c       0x24 binaries/unsleep.o
                                         0x50 (size before relaxing)
 .eh_frame      0x000000000011e1c0       0x24 binaries/userret.o
                                         0x50 (size before relaxing)
 .eh_frame      0x000000000011e1e4       0x24 binaries/wait.o
                                         0x50 (size before relaxing)
 .eh_frame      0x000000000011e208       0x24 binaries/wakeup.o
                                         0x50 (size before relaxing)
 .eh_frame      0x000000000011e22c       0x20 binaries/wgetpid.o
                                         0x4c (size before relaxing)
 .eh_frame      0x000000000011e24c       0x24 binaries/wgetppid.o
                                         0x50 (size before relaxing)
 .eh_frame      0x000000000011e270       0x24 binaries/wgetprio.o
                                         0x50 (size before relaxing)
 .eh_frame      0x000000000011e294       0x24 binaries/write.o
                                         0x50 (size before relaxing)
 .eh_frame      0x000000000011e2b8       0x24 binaries/xdone.o
                                         0x50 (size before relaxing)
 .eh_frame      0x000000000011e2dc       0x24 binaries/yield.o
                                         0x50 (size before relaxing)
 .eh_frame      0x000000000011e300       0x20 binaries/abs.o
                                         0x4c (size before relaxing)
 .eh_frame      0x000000000011e320       0x20 binaries/atoi.o
                                         0x4c (size before relaxing)
 .eh_frame      0x000000000011e340       0x20 binaries/atol.o
                                         0x4c (size before relaxing)
 .eh_frame      0x000000000011e360       0x20 binaries/bzero.o
                                         0x4c (size before relaxing)
 .eh_frame      0x000000000011e380       0xec binaries/doprnt.o
                                        0x140 (size before relaxing)
 .eh_frame      0x000000000011e46c       0xc8 binaries/doscan.o
                                         0xf4 (size before relaxing)
 .eh_frame      0x000000000011e534       0xcc binaries/fdoprnt.o
                                        0x10c (size before relaxing)
 .eh_frame      0x000000000011e600       0x24 binaries/fgetc.o
                                         0x50 (size before relaxing)
 .eh_frame      0x000000000011e624       0x24 binaries/fgets.o
                                         0x50 (size before relaxing)
 .eh_frame      0x000000000011e648       0x24 binaries/fprintf.o
                                         0x50 (size before relaxing)
 .eh_frame      0x000000000011e66c       0x24 binaries/fputc.o
                                         0x50 (size before relaxing)
 .eh_frame      0x000000000011e690       0x24 binaries/fputs.o
                                         0x50 (size before relaxing)
 .eh_frame      0x000000000011e6b4       0x68 binaries/fscanf.o
                                         0x94 (size before relaxing)
 .eh_frame      0x000000000011e71c       0x24 binaries/getchar.o
                                         0x50 (size before relaxing)
 .eh_frame      0x000000000011e740       0x20 binaries/labs.o
                                         0x4c (size before relaxing)
 .eh_frame      0x000000000011e760       0x20 binaries/memcmp.o
                                         0x4c (size before relaxing)
 .eh_frame      0x000000000011e780       0x24 binaries/memcpy.o
                                         0x50 (size before relaxing)
 .eh_frame      0x000000000011e7a4       0x24 binaries/memset.o
                                         0x50 (size before relaxing)
 .eh_frame      0x000000000011e7c8       0x24 binaries/printf.o
                                         0x50 (size before relaxing)
 .eh_frame      0x000000000011e7ec       0x24 binaries/putchar.o
                                         0x50 (size before relaxing)
 .eh_frame      0x000000000011e810       0xa4 binaries/qsort.o
                                         0xd0 (size before relaxing)
 .eh_frame      0x000000000011e8b4       0x60 binaries/rand.o
                                         0x8c (size before relaxing)
 .eh_frame      0x000000000011e914       0x44 binaries/sprintf.o
                                         0x70 (size before relaxing)
 .eh_frame      0x000000000011e958       0x64 binaries/sscanf.o
                                         0x90 (size before relaxing)
 .eh_frame      0x000000000011e9bc       0x20 binaries/strchr.o
                                         0x4c (size before relaxing)
 .eh_frame      0x000000000011e9dc       0x20 binaries/strcmp.o
                                         0x4c (size before relaxing)
 .eh_frame      0x000000000011e9fc       0x20 binaries/strcpy.o
                                         0x4c (size before relaxing)
 .eh_frame      0x000000000011ea1c       0x20 binaries/strlen.o
                                         0x4c (size before relaxing)
 .eh_frame      0x000000000011ea3c       0x20 binaries/strncat.o
                                         0x4c (size before relaxing)
 .eh_frame      0x000000000011ea5c       0x20 binaries/strncmp.o
                                         0x4c (size before relaxing)
 .eh_frame      0x000000000011ea7c       0x28 binaries/strncpy.o
                                         0x54 (size before relaxing)
 .eh_frame      0x000000000011eaa4       0x20 binaries/strnlen.o
                                         0x4c (size before relaxing)
 .eh_frame      0x000000000011eac4       0x20 binaries/strrchr.o
                                         0x4c (size before relaxing)
 .eh_frame      0x000000000011eae4       0x20 binaries/strstr.o
                                         0x4c (size before relaxing)
 .eh_frame      0x000000000011eb04       0x24 binaries/ttycontrol.o
                                         0x50 (size before relaxing)
 .eh_frame      0x000000000011eb28       0x24 binaries/ttygetc.o
                                         0x50 (size before relaxing)
 .eh_frame      0x000000000011eb4c       0x88 binaries/ttyhandle_in.o
                                         0xdc (size before relaxing)
 .eh_frame      0x000000000011ebd4       0x24 binaries/ttyhandle_out.o
                                         0x50 (size before relaxing)
 .eh_frame      0x000000000011ebf8       0x24 binaries/ttyhandler.o
                                         0x50 (size before relaxing)
 .eh_frame      0x000000000011ec1c       0x24 binaries/ttyinit.o
                                         0x50 (size before relaxing)
 .eh_frame      0x000000000011ec40       0x20 binaries/ttykickout.o
                                         0x4c (size before relaxing)
 .eh_frame      0x000000000011ec60       0x24 binaries/ttyputc.o
                                         0x50 (size before relaxing)
 .eh_frame      0x000000000011ec84       0x24 binaries/ttyread.o
                                         0x50 (size before relaxing)
 .eh_frame      0x000000000011eca8       0x24 binaries/ttywrite.o
                                         0x50 (size before relaxing)
 .eh_frame      0x000000000011eccc       0x44 binaries/mount.o
                                         0x84 (size before relaxing)
 .eh_frame      0x000000000011ed10       0x24 binaries/naminit.o
                                         0x50 (size before relaxing)
 .eh_frame      0x000000000011ed34       0x68 binaries/nammap.o
                                         0xa8 (size before relaxing)
 .eh_frame      0x000000000011ed9c       0x24 binaries/namopen.o
                                         0x50 (size before relaxing)
 .eh_frame      0x000000000011edc0       0x24 binaries/ethcontrol.o
                                         0x50 (size before relaxing)
 .eh_frame      0x000000000011ede4       0x24 binaries/ethhandler.o
                                         0x50 (size before relaxing)
 .eh_frame      0x000000000011ee08       0xb8 binaries/ethinit.o
                                         0xf8 (size before relaxing)
 .eh_frame      0x000000000011eec0       0x48 binaries/ethmcast.o
                                         0x88 (size before relaxing)
 .eh_frame      0x000000000011ef08       0x24 binaries/ethread.o
                                         0x50 (size before relaxing)
 .eh_frame      0x000000000011ef2c       0x24 binaries/ethwrite.o
                                         0x50 (size before relaxing)
 .eh_frame      0x000000000011ef50       0x24 binaries/rdsbufalloc.o
                                         0x50 (size before relaxing)
 .eh_frame      0x000000000011ef74       0x20 binaries/rdsclose.o
                                         0x4c (size before relaxing)
 .eh_frame      0x000000000011ef94       0x24 binaries/rdscomm.o
                                         0x50 (size before relaxing)
 .eh_frame      0x000000000011efb8       0x24 binaries/rdscontrol.o
                                         0x50 (size before relaxing)
 .eh_frame      0x000000000011efdc       0x24 binaries/rdsinit.o
                                         0x50 (size before relaxing)
 .eh_frame      0x000000000011f000       0x24 binaries/rdsopen.o
                                         0x50 (size before relaxing)
 .eh_frame      0x000000000011f024       0x1c binaries/rdsprocess.o
                                         0x48 (size before relaxing)
 .eh_frame      0x000000000011f040       0x24 binaries/rdsread.o
                                         0x50 (size before relaxing)
 .eh_frame      0x000000000011f064       0x24 binaries/rdswrite.o
                                         0x50 (size before relaxing)
 .eh_frame      0x000000000011f088       0x20 binaries/ramclose.o
                                         0x4c (size before relaxing)
 .eh_frame      0x000000000011f0a8       0x24 binaries/raminit.o
                                         0x50 (size before relaxing)
 .eh_frame      0x000000000011f0cc       0x20 binaries/ramopen.o
                                         0x4c (size before relaxing)
 .eh_frame      0x000000000011f0ec       0x24 binaries/ramread.o
                                         0x50 (size before relaxing)
 .eh_frame      0x000000000011f110       0x24 binaries/ramwrite.o
                                         0x50 (size before relaxing)
 .eh_frame      0x000000000011f134       0x24 binaries/lfdballoc.o
                                         0x50 (size before relaxing)
 .eh_frame      0x000000000011f158       0x24 binaries/lfdbfree.o
                                         0x50 (size before relaxing)
 .eh_frame      0x000000000011f17c       0x24 binaries/lfflush.o
                                         0x50 (size before relaxing)
 .eh_frame      0x000000000011f1a0       0x20 binaries/lfgetmode.o
                                         0x4c (size before relaxing)
 .eh_frame      0x000000000011f1c0       0x24 binaries/lfiballoc.o
                                         0x50 (size before relaxing)
 .eh_frame      0x000000000011f1e4       0x20 binaries/lfibclear.o
                                         0x4c (size before relaxing)
 .eh_frame      0x000000000011f204       0x24 binaries/lfibget.o
                                         0x50 (size before relaxing)
 .eh_frame      0x000000000011f228       0x24 binaries/lfibput.o
                                         0x50 (size before relaxing)
 .eh_frame      0x000000000011f24c       0x24 binaries/lflclose.o
                                         0x50 (size before relaxing)
 .eh_frame      0x000000000011f270       0x24 binaries/lflcontrol.o
                                         0x50 (size before relaxing)
 .eh_frame      0x000000000011f294       0x24 binaries/lflgetc.o
                                         0x50 (size before relaxing)
 .eh_frame      0x000000000011f2b8       0x24 binaries/lflinit.o
                                         0x50 (size before relaxing)
 .eh_frame      0x000000000011f2dc       0x24 binaries/lflputc.o
                                         0x50 (size before relaxing)
 .eh_frame      0x000000000011f300       0x24 binaries/lflread.o
                                         0x50 (size before relaxing)
 .eh_frame      0x000000000011f324       0x24 binaries/lflseek.o
                                         0x50 (size before relaxing)
 .eh_frame      0x000000000011f348       0x24 binaries/lflwrite.o
                                         0x50 (size before relaxing)
 .eh_frame      0x000000000011f36c       0x20 binaries/lfscheck.o
                                         0x4c (size before relaxing)
 .eh_frame      0x000000000011f38c       0x24 binaries/lfsckfmt.o
                                         0x50 (size before relaxing)
 .eh_frame      0x000000000011f3b0       0x24 binaries/lfscreate.o
                                         0x50 (size before relaxing)
 .eh_frame      0x000000000011f3d4       0x24 binaries/lfsetup.o
                                         0x50 (size before relaxing)
 .eh_frame      0x000000000011f3f8       0x24 binaries/lfsinit.o
                                         0x50 (size before relaxing)
 .eh_frame      0x000000000011f41c       0x24 binaries/lfsopen.o
                                         0x50 (size before relaxing)
 .eh_frame      0x000000000011f440       0x24 binaries/lftruncate.o
                                         0x50 (size before relaxing)
 .eh_frame      0x000000000011f464       0x24 binaries/rflclose.o
                                         0x50 (size before relaxing)
 .eh_frame      0x000000000011f488       0x24 binaries/rflgetc.o
                                         0x50 (size before relaxing)
 .eh_frame      0x000000000011f4ac       0x20 binaries/rflinit.o
                                         0x4c (size before relaxing)
 .eh_frame      0x000000000011f4cc       0x24 binaries/rflputc.o
                                         0x50 (size before relaxing)
 .eh_frame      0x000000000011f4f0       0x24 binaries/rflread.o
                                         0x50 (size before relaxing)
 .eh_frame      0x000000000011f514       0x24 binaries/rflseek.o
                                         0x50 (size before relaxing)
 .eh_frame      0x000000000011f538       0x24 binaries/rflwrite.o
                                         0x50 (size before relaxing)
 .eh_frame      0x000000000011f55c       0x24 binaries/rfscomm.o
                                         0x50 (size before relaxing)
 .eh_frame      0x000000000011f580       0x24 binaries/rfscontrol.o
                                         0x50 (size before relaxing)
 .eh_frame      0x000000000011f5a4       0x20 binaries/rfsgetmode.o
                                         0x4c (size before relaxing)
 .eh_frame      0x000000000011f5c4       0x24 binaries/rfsinit.o
                                         0x50 (size before relaxing)
 .eh_frame      0x000000000011f5e8       0x24 binaries/rfsndmsg.o
                                         0x50 (size before relaxing)
 .eh_frame      0x000000000011f60c       0x24 binaries/rfsopen.o
                                         0x50 (size before relaxing)
 .eh_frame      0x000000000011f630       0xd0 binaries/arp.o
                                        0x124 (size before relaxing)
 .eh_frame      0x000000000011f700       0xac binaries/dhcp.o
                                         0xec (size before relaxing)
 .eh_frame      0x000000000011f7ac       0x90 binaries/dns.o
                                         0xd0 (size before relaxing)
 .eh_frame      0x000000000011f83c       0x20 binaries/dot2ip.o
                                         0x4c (size before relaxing)
 .eh_frame      0x000000000011f85c       0x48 binaries/hexdump.o
                                         0x74 (size before relaxing)
 .eh_frame      0x000000000011f8a4      0x168 binaries/icmp.o
                                        0x1bc (size before relaxing)
 .eh_frame      0x000000000011fa0c      0x130 binaries/ip.o
                                        0x170 (size before relaxing)
 .eh_frame      0x000000000011fb3c       0xa8 binaries/net.o
                                         0xfc (size before relaxing)
 .eh_frame      0x000000000011fbe4       0x60 binaries/pdump.o
                                         0xa0 (size before relaxing)
 .eh_frame      0x000000000011fc44       0x54 binaries/tftp.o
                                         0x80 (size before relaxing)
 .eh_frame      0x000000000011fc98      0x160 binaries/udp.o
                                        0x1b4 (size before relaxing)
 .eh_frame      0x000000000011fdf8       0x24 binaries/addargs.o
                                         0x50 (size before relaxing)
 .eh_frame      0x000000000011fe1c       0x20 binaries/lexan.o
                                         0x4c (size before relaxing)
 .eh_frame      0x000000000011fe3c       0x2c binaries/shell.o
                                         0x58 (size before relaxing)
 .eh_frame      0x000000000011fe68       0x24 binaries/xsh_argecho.o
                                         0x50 (size before relaxing)
 .eh_frame      0x000000000011fe8c       0x48 binaries/xsh_arp.o
                                         0x74 (size before relaxing)
 .eh_frame      0x000000000011fed4       0x2c binaries/xsh_cat.o
                                         0x58 (size before relaxing)
 .eh_frame      0x000000000011ff00       0x28 binaries/xsh_clear.o
                                         0x54 (size before relaxing)
 .eh_frame      0x000000000011ff28       0x2c binaries/xsh_date.o
                                         0x58 (size before relaxing)
 .eh_frame      0x000000000011ff54       0x24 binaries/xsh_devdump.o
                                         0x50 (size before relaxing)
 .eh_frame      0x000000000011ff78       0x24 binaries/xsh_echo.o
                                         0x50 (size before relaxing)
 .eh_frame      0x000000000011ff9c       0x20 binaries/xsh_exit.o
                                         0x4c (size before relaxing)
 .eh_frame      0x000000000011ffbc       0x2c binaries/xsh_help.o
                                         0x58 (size before relaxing)
 .eh_frame      0x000000000011ffe8       0x2c binaries/xsh_kill.o
                                         0x58 (size before relaxing)
 .eh_frame      0x0000000000120014       0x4c binaries/xsh_memdump.o
                                         0x8c (size before relaxing)
 .eh_frame      0x0000000000120060       0x74 binaries/xsh_memstat.o
                                         0xa0 (size before relaxing)
 .eh_frame      0x00000000001200d4       0x30 binaries/xsh_netinfo.o
                                         0x5c (size before relaxing)
 .eh_frame      0x0000000000120104       0x30 binaries/xsh_ping.o
                                         0x5c (size before relaxing)
 .eh_frame      0x0000000000120134       0x30 binaries/xsh_ps.o
                                         0x5c (size before relaxing)
 .eh_frame      0x0000000000120164       0x2c binaries/xsh_sleep.o
                                         0x58 (size before relaxing)
 .eh_frame      0x0000000000120190       0x2c binaries/xsh_udpdump.o
                                         0x58 (size before relaxing)
 .eh_frame      0x00000000001201bc       0x30 binaries/xsh_udpecho.o
                                         0x5c (size before relaxing)
 .eh_frame      0x00000000001201ec       0x30 binaries/xsh_udpserver.o
                                         0x5c (size before relaxing)
 .eh_frame      0x000000000012021c       0x2c binaries/xsh_uptime.o
                                         0x58 (size before relaxing)

.iplt           0x0000000000120248        0x0
 .iplt          0x0000000000120248        0x0 binaries/start.o

.rel.dyn        0x0000000000120248        0x0
 .rel.got       0x0000000000120248        0x0 binaries/start.o
 .rel.iplt      0x0000000000120248        0x0 binaries/start.o
 .rel.text      0x0000000000120248        0x0 binaries/start.o

.data           0x0000000000120260     0x1da0
                0x0000000000120260                data = ABSOLUTE (.)
 *(.data .data.*)
 .data          0x0000000000120260      0x83a binaries/start.o
                0x0000000000120260                gdt
                0x0000000000120290                idt
                0x0000000000120a96                cpudelay
 .data          0x0000000000120a9a        0x0 binaries/ascdate.o
 *fill*         0x0000000000120a9a        0x6 
 .data.rel.local
                0x0000000000120aa0       0x88 binaries/ascdate.o
                0x0000000000120aa0                Date
 .data          0x0000000000120b28        0x0 binaries/bufinit.o
 .data          0x0000000000120b28        0x0 binaries/chprio.o
 .data          0x0000000000120b28        0x4 binaries/clkhandler.o
 .data          0x0000000000120b2c        0x0 binaries/clkinit.o
 .data          0x0000000000120b2c        0x0 binaries/close.o
 .data          0x0000000000120b2c        0x0 binaries/conf.o
 *fill*         0x0000000000120b2c       0x14 
 .data.rel      0x0000000000120b40      0x5a0 binaries/conf.o
                0x0000000000120b40                devtab
 .data          0x00000000001210e0        0x0 binaries/control.o
 .data          0x00000000001210e0        0x4 binaries/create.o
 .data          0x00000000001210e4        0x0 binaries/early_imr.o
 .data          0x00000000001210e4        0x0 binaries/evec.o
 *fill*         0x00000000001210e4       0x1c 
 .data.rel.local
                0x0000000000121100       0x40 binaries/evec.o
                0x0000000000121100                inames
 .data          0x0000000000121140        0x0 binaries/exit.o
 .data          0x0000000000121140        0x0 binaries/freebuf.o
 .data          0x0000000000121140        0x0 binaries/freemem.o
 .data          0x0000000000121140        0x0 binaries/getbuf.o
 .data          0x0000000000121140        0x0 binaries/getc.o
 .data          0x0000000000121140        0x0 binaries/getdev.o
 .data          0x0000000000121140        0x0 binaries/getitem.o
 .data          0x0000000000121140        0x0 binaries/getmem.o
 .data          0x0000000000121140        0x0 binaries/getpid.o
 .data          0x0000000000121140        0x0 binaries/getppid.o
 .data          0x0000000000121140        0x0 binaries/getprio.o
 .data          0x0000000000121140        0x0 binaries/getstk.o
 .data          0x0000000000121140        0x0 binaries/getticks.o
 .data          0x0000000000121140        0x0 binaries/gettime.o
 .data          0x0000000000121140        0x0 binaries/gettmslice.o
 .data          0x0000000000121140        0x0 binaries/getutime.o
 .data          0x0000000000121140        0x0 binaries/init.o
 .data          0x0000000000121140        0x0 binaries/initialize.o
 .data          0x0000000000121140        0x0 binaries/insert.o
 .data          0x0000000000121140        0x0 binaries/insertd.o
 .data          0x0000000000121140        0x0 binaries/ioerr.o
 .data          0x0000000000121140        0x0 binaries/ionull.o
 .data          0x0000000000121140        0x0 binaries/kill.o
 .data          0x0000000000121140        0x0 binaries/kprintf.o
 .data          0x0000000000121140        0x0 binaries/main.o
 .data          0x0000000000121140        0x0 binaries/mark.o
 .data          0x0000000000121140       0x40 binaries/meminit.o
                0x0000000000121140                bootsign
                0x0000000000121144                bootinfo
                0x0000000000121160                gdt_copy
 .data          0x0000000000121180        0x0 binaries/mkbufpool.o
 .data          0x0000000000121180        0x0 binaries/mymotd.o
 .data          0x0000000000121180        0x2 binaries/newqueue.o
 .data          0x0000000000121182        0x0 binaries/open.o
 .data          0x0000000000121182        0x0 binaries/panic.o
 .data          0x0000000000121182        0x0 binaries/pci.o
 .data          0x0000000000121182        0x0 binaries/platinit.o
 .data          0x0000000000121182        0x0 binaries/procbirth.o
 .data          0x0000000000121182        0x0 binaries/procgrosscpu.o
 .data          0x0000000000121182        0x0 binaries/procgrosscpumicro.o
 .data          0x0000000000121182        0x0 binaries/proclifetime.o
 .data          0x0000000000121182        0x0 binaries/ptclear.o
 .data          0x0000000000121182        0x0 binaries/ptcount.o
 .data          0x0000000000121182        0x0 binaries/ptcreate.o
 .data          0x0000000000121182        0x0 binaries/ptdelete.o
 .data          0x0000000000121182        0x0 binaries/ptinit.o
 .data          0x0000000000121182        0x0 binaries/ptrecv.o
 .data          0x0000000000121182        0x0 binaries/ptreset.o
 .data          0x0000000000121182        0x0 binaries/ptsend.o
 .data          0x0000000000121182        0x0 binaries/putc.o
 .data          0x0000000000121182        0x0 binaries/quark_irq.o
 .data          0x0000000000121182        0x0 binaries/quark_pdat.o
 .data          0x0000000000121182        0x0 binaries/queue.o
 *fill*         0x0000000000121182        0x2 
 .data          0x0000000000121184        0x4 binaries/rcreate.o
 .data          0x0000000000121188        0x0 binaries/read.o
 .data          0x0000000000121188        0x0 binaries/ready.o
 .data          0x0000000000121188        0x0 binaries/receive.o
 .data          0x0000000000121188        0x0 binaries/recvclr.o
 .data          0x0000000000121188        0x0 binaries/recvtime.o
 .data          0x0000000000121188        0x0 binaries/resched.o
 .data          0x0000000000121188        0x0 binaries/resume.o
 .data          0x0000000000121188        0x0 binaries/rinsert.o
 .data          0x0000000000121188        0x0 binaries/seek.o
 .data          0x0000000000121188        0x0 binaries/semcount.o
 .data          0x0000000000121188        0x0 binaries/semcreate.o
 .data          0x0000000000121188        0x0 binaries/semdelete.o
 .data          0x0000000000121188        0x0 binaries/semreset.o
 .data          0x0000000000121188        0x0 binaries/send.o
 .data          0x0000000000121188        0x0 binaries/signal.o
 .data          0x0000000000121188        0x0 binaries/signaln.o
 .data          0x0000000000121188        0x0 binaries/sleep.o
 .data          0x0000000000121188        0x0 binaries/suspend.o
 .data          0x0000000000121188        0x0 binaries/testcpu.o
 .data          0x0000000000121188        0x0 binaries/testio.o
 .data          0x0000000000121188        0x0 binaries/unsleep.o
 .data          0x0000000000121188        0x0 binaries/userret.o
 .data          0x0000000000121188        0x0 binaries/wait.o
 .data          0x0000000000121188        0x0 binaries/wakeup.o
 .data          0x0000000000121188        0x0 binaries/wgetpid.o
 .data          0x0000000000121188        0x0 binaries/wgetppid.o
 .data          0x0000000000121188        0x0 binaries/wgetprio.o
 .data          0x0000000000121188        0x0 binaries/write.o
 .data          0x0000000000121188        0x0 binaries/xdone.o
 .data          0x0000000000121188        0x0 binaries/yield.o
 .data          0x0000000000121188        0x0 binaries/abs.o
 .data          0x0000000000121188        0x0 binaries/atoi.o
 .data          0x0000000000121188        0x0 binaries/atol.o
 .data          0x0000000000121188        0x0 binaries/bzero.o
 .data          0x0000000000121188        0x0 binaries/ctype_.o
 .data          0x0000000000121188        0x0 binaries/doprnt.o
 *fill*         0x0000000000121188       0x18 
 .data          0x00000000001211a0       0x80 binaries/doscan.o
                0x00000000001211a0                _sctab
 .data          0x0000000000121220        0x0 binaries/fdoprnt.o
 .data          0x0000000000121220        0x0 binaries/fgetc.o
 .data          0x0000000000121220        0x0 binaries/fgets.o
 .data          0x0000000000121220        0x0 binaries/fprintf.o
 .data          0x0000000000121220        0x0 binaries/fputc.o
 .data          0x0000000000121220        0x0 binaries/fputs.o
 .data          0x0000000000121220        0x0 binaries/fscanf.o
 .data          0x0000000000121220        0x0 binaries/getchar.o
 .data          0x0000000000121220        0x0 binaries/labs.o
 .data          0x0000000000121220        0x0 binaries/memchr.o
 .data          0x0000000000121220        0x0 binaries/memcmp.o
 .data          0x0000000000121220        0x0 binaries/memcpy.o
 .data          0x0000000000121220        0x0 binaries/memset.o
 .data          0x0000000000121220        0x0 binaries/printf.o
 .data          0x0000000000121220        0x0 binaries/putchar.o
 .data          0x0000000000121220        0x0 binaries/qsort.o
 .data          0x0000000000121220        0x4 binaries/rand.o
 .data          0x0000000000121224        0x0 binaries/sprintf.o
 .data          0x0000000000121224        0x0 binaries/sscanf.o
 .data          0x0000000000121224        0x0 binaries/strchr.o
 .data          0x0000000000121224        0x0 binaries/strcmp.o
 .data          0x0000000000121224        0x0 binaries/strcpy.o
 .data          0x0000000000121224        0x0 binaries/strlen.o
 .data          0x0000000000121224        0x0 binaries/strncat.o
 .data          0x0000000000121224        0x0 binaries/strncmp.o
 .data          0x0000000000121224        0x0 binaries/strncpy.o
 .data          0x0000000000121224        0x0 binaries/strnlen.o
 .data          0x0000000000121224        0x0 binaries/strrchr.o
 .data          0x0000000000121224        0x0 binaries/strstr.o
 .data          0x0000000000121224        0x0 binaries/ttycontrol.o
 .data          0x0000000000121224        0x0 binaries/ttygetc.o
 .data          0x0000000000121224        0x0 binaries/ttyhandle_in.o
 .data          0x0000000000121224        0x0 binaries/ttyhandle_out.o
 .data          0x0000000000121224        0x0 binaries/ttyhandler.o
 .data          0x0000000000121224        0x0 binaries/ttyinit.o
 .data          0x0000000000121224        0x0 binaries/ttykickout.o
 .data          0x0000000000121224        0x0 binaries/ttyputc.o
 .data          0x0000000000121224        0x0 binaries/ttyread.o
 .data          0x0000000000121224        0x0 binaries/ttywrite.o
 .data          0x0000000000121224        0x0 binaries/mount.o
 .data          0x0000000000121224        0x0 binaries/naminit.o
 .data          0x0000000000121224        0x0 binaries/nammap.o
 .data          0x0000000000121224        0x0 binaries/namopen.o
 .data          0x0000000000121224        0x0 binaries/ethcontrol.o
 .data          0x0000000000121224        0x0 binaries/ethhandler.o
 .data          0x0000000000121224        0x0 binaries/ethinit.o
 .data          0x0000000000121224        0x0 binaries/ethmcast.o
 .data          0x0000000000121224        0x0 binaries/ethread.o
 .data          0x0000000000121224        0x0 binaries/ethwrite.o
 .data          0x0000000000121224        0x0 binaries/rdsbufalloc.o
 .data          0x0000000000121224        0x0 binaries/rdsclose.o
 .data          0x0000000000121224        0x0 binaries/rdscomm.o
 .data          0x0000000000121224        0x0 binaries/rdscontrol.o
 .data          0x0000000000121224        0x0 binaries/rdsinit.o
 .data          0x0000000000121224        0x0 binaries/rdsopen.o
 .data          0x0000000000121224        0x0 binaries/rdsprocess.o
 .data          0x0000000000121224        0x0 binaries/rdsread.o
 .data          0x0000000000121224        0x0 binaries/rdswrite.o
 .data          0x0000000000121224        0x0 binaries/ramclose.o
 .data          0x0000000000121224        0x0 binaries/raminit.o
 .data          0x0000000000121224        0x0 binaries/ramopen.o
 .data          0x0000000000121224        0x0 binaries/ramread.o
 .data          0x0000000000121224        0x0 binaries/ramwrite.o
 .data          0x0000000000121224        0x0 binaries/lfdballoc.o
 .data          0x0000000000121224        0x0 binaries/lfdbfree.o
 .data          0x0000000000121224        0x0 binaries/lfflush.o
 .data          0x0000000000121224        0x0 binaries/lfgetmode.o
 .data          0x0000000000121224        0x0 binaries/lfiballoc.o
 .data          0x0000000000121224        0x0 binaries/lfibclear.o
 .data          0x0000000000121224        0x0 binaries/lfibget.o
 .data          0x0000000000121224        0x0 binaries/lfibput.o
 .data          0x0000000000121224        0x0 binaries/lflclose.o
 .data          0x0000000000121224        0x0 binaries/lflcontrol.o
 .data          0x0000000000121224        0x0 binaries/lflgetc.o
 .data          0x0000000000121224        0x0 binaries/lflinit.o
 .data          0x0000000000121224        0x0 binaries/lflputc.o
 .data          0x0000000000121224        0x0 binaries/lflread.o
 .data          0x0000000000121224        0x0 binaries/lflseek.o
 .data          0x0000000000121224        0x0 binaries/lflwrite.o
 .data          0x0000000000121224        0x0 binaries/lfscheck.o
 .data          0x0000000000121224        0x0 binaries/lfsckfmt.o
 .data          0x0000000000121224        0x0 binaries/lfscreate.o
 .data          0x0000000000121224        0x0 binaries/lfsetup.o
 .data          0x0000000000121224        0x0 binaries/lfsinit.o
 .data          0x0000000000121224        0x0 binaries/lfsopen.o
 .data          0x0000000000121224        0x0 binaries/lftruncate.o
 .data          0x0000000000121224        0x0 binaries/rflclose.o
 .data          0x0000000000121224        0x0 binaries/rflgetc.o
 .data          0x0000000000121224        0x0 binaries/rflinit.o
 .data          0x0000000000121224        0x0 binaries/rflputc.o
 .data          0x0000000000121224        0x0 binaries/rflread.o
 .data          0x0000000000121224        0x0 binaries/rflseek.o
 .data          0x0000000000121224        0x0 binaries/rflwrite.o
 .data          0x0000000000121224        0x0 binaries/rfscomm.o
 .data          0x0000000000121224        0x0 binaries/rfscontrol.o
 .data          0x0000000000121224        0x0 binaries/rfsgetmode.o
 .data          0x0000000000121224        0x0 binaries/rfsinit.o
 .data          0x0000000000121224        0x0 binaries/rfsndmsg.o
 .data          0x0000000000121224        0x0 binaries/rfsopen.o
 .data          0x0000000000121224        0x0 binaries/arp.o
 .data          0x0000000000121224        0x0 binaries/dhcp.o
 .data          0x0000000000121224        0x0 binaries/dns.o
 .data          0x0000000000121224        0x0 binaries/dot2ip.o
 .data          0x0000000000121224        0x0 binaries/hexdump.o
 .data          0x0000000000121224        0x4 binaries/icmp.o
 .data          0x0000000000121228        0x0 binaries/ip.o
 .data          0x0000000000121228        0x0 binaries/net.o
 .data          0x0000000000121228        0x0 binaries/pdump.o
 .data          0x0000000000121228        0x0 binaries/tftp.o
 .data          0x0000000000121228        0x4 binaries/udp.o
 .data          0x000000000012122c        0x0 binaries/addargs.o
 .data          0x000000000012122c        0x0 binaries/lexan.o
 .data          0x000000000012122c        0x4 binaries/shell.o
                0x000000000012122c                ncmd
 *fill*         0x0000000000121230       0x10 
 .data.rel.ro   0x0000000000121240       0xfc binaries/shell.o
                0x0000000000121240                cmdtab
 .data          0x000000000012133c        0x0 binaries/xsh_argecho.o
 .data          0x000000000012133c        0x0 binaries/xsh_arp.o
 .data          0x000000000012133c        0x0 binaries/xsh_cat.o
 .data          0x000000000012133c        0x0 binaries/xsh_clear.o
 .data          0x000000000012133c        0x0 binaries/xsh_date.o
 .data          0x000000000012133c        0x0 binaries/xsh_devdump.o
 .data          0x000000000012133c        0x0 binaries/xsh_echo.o
 .data          0x000000000012133c        0x0 binaries/xsh_exit.o
 .data          0x000000000012133c        0x0 binaries/xsh_help.o
 .data          0x000000000012133c        0x0 binaries/xsh_kill.o
 .data          0x000000000012133c        0x0 binaries/xsh_memdump.o
 .data          0x000000000012133c        0x0 binaries/xsh_memstat.o
 .data          0x000000000012133c        0x0 binaries/xsh_netinfo.o
 .data          0x000000000012133c        0x0 binaries/xsh_ping.o
 *fill*         0x000000000012133c        0x4 
 .data          0x0000000000121340       0x20 binaries/xsh_ps.o
 .data          0x0000000000121360        0x0 binaries/xsh_sleep.o
 .data          0x0000000000121360        0x0 binaries/xsh_udpdump.o
 .data          0x0000000000121360        0x0 binaries/xsh_udpecho.o
 .data          0x0000000000121360        0x0 binaries/xsh_udpserver.o
 .data          0x0000000000121360        0x0 binaries/xsh_uptime.o
 .data          0x0000000000121360        0x0 binaries/clkdisp.o
 .data          0x0000000000121360        0x0 binaries/ctxsw.o
 .data          0x0000000000121360        0x0 binaries/intr.o
 .data          0x0000000000121360        0x0 binaries/ttydispatch.o
 .data          0x0000000000121360        0x0 binaries/ethdispatch.o
                0x0000000000121360                edata = ABSOLUTE (.)